
Running 1 test using 1 worker

  Γ£ô  1 [chromium] ΓÇ║ tests\address_lookup.spec.js:13:1 ΓÇ║ Address lookup returns correct results for 4444 Weber Rd, 63123 (2.5s)

  1 passed (4.3s)
